HI-TECH Software XC8 Compiler V1.00 ()

Linker command line:

--edf=C:\Program Files (x86)\Microchip\xc8\v1.00\dat\en_msgs.txt -cs \
  -h+dist/default/production\PICDEM2PlusPIC16F1936.production.sym -z \
  -Q16F1936 -ol.obj \
  -Mdist/default/production/PICDEM2PlusPIC16F1936.production.map -E1 \
  -ver=XC8 -ACONST=00h-0FFhx32 -ACODE=00h-07FFhx4 -ASTRCODE=00h-01FFFh \
  -AENTRY=00h-0FFhx32 -ASTRING=00h-0FFhx32 -ACOMMON=070h-07Fh \
  -ABANK0=020h-06Fh -ABANK1=0A0h-0EFh -ABANK2=0120h-016Fh \
  -ABANK3=01A0h-01EFh -ABANK4=0220h-026Fh -ABANK5=02A0h-02EFh \
  -ABANK6=0320h-032Fh -ABIGRAM=02000h-021EFh \
  -ARAM=020h-06Fh,0A0h-0EFh,0120h-016Fh,01A0h-01EFh,0220h-026Fh,02A0h-02EFh,0320h-032Fh \
  -AABS1=020h-07Fh,0A0h-0EFh,0120h-016Fh,01A0h-01EFh,0220h-026Fh,02A0h-02EFh,0320h-032Fh \
  -ASFR0=00h-01Fh -ASFR1=080h-09Fh -ASFR2=0100h-011Fh -ASFR3=0180h-019Fh \
  -ASFR4=0200h-021Fh -ASFR5=0280h-029Fh -ASFR6=0300h-031Fh \
  -ASFR7=0380h-03EFh -ASFR8=0400h-046Fh -ASFR9=0480h-04EFh \
  -ASFR10=0500h-056Fh -ASFR11=0580h-05EFh -ASFR12=0600h-066Fh \
  -ASFR13=0680h-06EFh -ASFR14=0700h-076Fh -ASFR15=0780h-07EFh \
  -ASFR16=0800h-086Fh -ASFR17=0880h-08EFh -ASFR18=0900h-096Fh \
  -ASFR19=0980h-09EFh -ASFR20=0A00h-0A6Fh -ASFR21=0A80h-0AEFh \
  -ASFR22=0B00h-0B6Fh -ASFR23=0B80h-0BEFh -ASFR24=0C00h-0C6Fh \
  -ASFR25=0C80h-0CEFh -ASFR26=0D00h-0D6Fh -ASFR27=0D80h-0DEFh \
  -ASFR28=0E00h-0E6Fh -ASFR29=0E80h-0EEFh -ASFR30=0F00h-0F6Fh \
  -ASFR31=0F80h-0FEFh -preset_vec=00h,intentry,init,end_init -ppowerup=CODE \
  -pfunctab=CODE -ACONFIG=08007h-08008h -pconfig=CONFIG -DCONFIG=2 \
  -AIDLOC=08000h-08003h -pidloc=IDLOC -DIDLOC=2 -AEEDATA=00h-0FFh/0F000h \
  -peeprom_data=EEDATA -DEEDATA=2 -DCODE=2 -DSTRCODE=2 -DSTRING=2 -DCONST=2 \
  -DENTRY=2 -k C:\Users\Donkey\AppData\Local\Temp\sobs.obj \
  dist/default/production\PICDEM2PlusPIC16F1936.production.obj 

Object code version is 3.10

Machine type is 16F1936



                Name                               Link     Load   Length Selector   Space Scale
C:\Users\Donkey\AppData\Local\Temp\sobs.obj
                end_init                              2        2        3        0       0
                reset_vec                             0        0        2        0       0
dist/default/production\PICDEM2PlusPIC16F1936.production.obj
                text74                              783      783       24      F06       0
                text73                              7D3      7D3       2D      FA6       0
                text72                              7A7      7A7       2C      F4E       0
                maintext                            766      766       1D      ECC       0
                cstackBANK0                          20       20        8       20       1
                cstackCOMMON                         70       70        A       70       1
                cinit                               763      763        3      EC6       0

TOTAL           Name                               Link     Load   Length     Space
        CLASS   CONST          

        CLASS   CODE           
                end_init                              2        2        3         0
                reset_vec                             0        0        2         0
                text74                              783      783       24         0
                text73                              7D3      7D3       2D         0
                text72                              7A7      7A7       2C         0
                maintext                            766      766       1D         0
                cinit                               763      763        3         0

        CLASS   STRCODE        

        CLASS   ENTRY          

        CLASS   STRING         

        CLASS   COMMON         
                cstackCOMMON                         70       70        A         1

        CLASS   BANK0          
                cstackBANK0                          20       20        8         1

        CLASS   BANK1          

        CLASS   BANK2          

        CLASS   BANK3          

        CLASS   BANK4          

        CLASS   BANK5          

        CLASS   BANK6          

        CLASS   BIGRAM         

        CLASS   RAM            

        CLASS   ABS1           
                abs_s1                               7E       7E        2         1

        CLASS   SFR0           

        CLASS   SFR1           

        CLASS   SFR2           

        CLASS   SFR3           

        CLASS   SFR4           

        CLASS   SFR5           

        CLASS   SFR6           

        CLASS   SFR7           

        CLASS   SFR8           

        CLASS   SFR9           

        CLASS   SFR10          

        CLASS   SFR11          

        CLASS   SFR12          

        CLASS   SFR13          

        CLASS   SFR14          

        CLASS   SFR15          

        CLASS   SFR16          

        CLASS   SFR17          

        CLASS   SFR18          

        CLASS   SFR19          

        CLASS   SFR20          

        CLASS   SFR21          

        CLASS   SFR22          

        CLASS   SFR23          

        CLASS   SFR24          

        CLASS   SFR25          

        CLASS   SFR26          

        CLASS   SFR27          

        CLASS   SFR28          

        CLASS   SFR29          

        CLASS   SFR30          

        CLASS   SFR31          

        CLASS   CONFIG         

        CLASS   IDLOC          

        CLASS   EEDATA         

        CLASS   BANK31         

        CLASS   BANK30         

        CLASS   BANK29         

        CLASS   BANK28         

        CLASS   BANK27         

        CLASS   BANK26         

        CLASS   BANK25         

        CLASS   BANK24         

        CLASS   BANK23         

        CLASS   BANK22         

        CLASS   BANK21         

        CLASS   BANK20         

        CLASS   BANK19         

        CLASS   BANK18         

        CLASS   BANK17         

        CLASS   BANK16         

        CLASS   BANK15         

        CLASS   BANK14         

        CLASS   BANK13         

        CLASS   BANK12         

        CLASS   BANK11         

        CLASS   BANK10         

        CLASS   BANK9          

        CLASS   BANK8          

        CLASS   BANK7          



SEGMENTS        Name                           Load    Length   Top    Selector   Space  Class     Delta

                reset_vec                      000000  000005  000005         0       0  CODE        2
                cstackBANK0                    000020  000008  000028        20       1  BANK0       1
                cstackCOMMON                   000070  00000A  00007A        70       1  COMMON      1
                cinit                          000763  000003  000766       EC6       0  CODE        2
                maintext                       000766  00001D  000783       ECC       0  CODE        2
                text74                         000783  000024  0007A7       F06       0  CODE        2
                text72                         0007A7  00002C  0007D3       F4E       0  CODE        2
                text73                         0007D3  00002D  000800       FA6       0  CODE        2


UNUSED ADDRESS RANGES

        Name                Unused          Largest block    Delta
        BANK0            0028-006F             48           1
        BANK1            00A0-00EF             50           1
        BANK2            0120-016F             50           1
        BANK3            01A0-01EF             50           1
        BANK4            0220-026F             50           1
        BANK5            02A0-02EF             50           1
        BANK6            0320-032F             10           1
        BIGRAM           2000-21EF            1F0           1
        CODE             0005-0762            75E           2
                         0800-1FFF            800
        COMMON           007A-007D              4           1
        CONFIG           8007-8008              2           2
        CONST            0005-0762            100           2
                         0800-1FFF            100
        EEDATA           F000-F0FF            100           2
        ENTRY            0005-0762            100           2
                         0800-1FFF            100
        IDLOC            8000-8003              4           2
        RAM              0028-006F             48           1
                         00A0-00EF             50
                         0120-016F             50
                         01A0-01EF             50
                         0220-026F             50
                         02A0-02EF             50
                         0320-032F             10
        SFR0             0000-001F             20           1
        SFR1             0080-009F             20           1
        SFR10            0500-056F             70           1
        SFR11            0580-05EF             70           1
        SFR12            0600-066F             70           1
        SFR13            0680-06EF             70           1
        SFR14            0700-076F             70           1
        SFR15            0780-07EF             70           1
        SFR16            0800-086F             70           1
        SFR17            0880-08EF             70           1
        SFR18            0900-096F             70           1
        SFR19            0980-09EF             70           1
        SFR2             0100-011F             20           1
        SFR20            0A00-0A6F             70           1
        SFR21            0A80-0AEF             70           1
        SFR22            0B00-0B6F             70           1
        SFR23            0B80-0BEF             70           1
        SFR24            0C00-0C6F             70           1
        SFR25            0C80-0CEF             70           1
        SFR26            0D00-0D6F             70           1
        SFR27            0D80-0DEF             70           1
        SFR28            0E00-0E6F             70           1
        SFR29            0E80-0EEF             70           1
        SFR3             0180-019F             20           1
        SFR30            0F00-0F6F             70           1
        SFR31            0F80-0FEF             70           1
        SFR4             0200-021F             20           1
        SFR5             0280-029F             20           1
        SFR6             0300-031F             20           1
        SFR7             0380-03EF             70           1
        SFR8             0400-046F             70           1
        SFR9             0480-04EF             70           1
        STRCODE          0005-0762            75E           2
                         0800-1FFF           1800
        STRING           0005-0762            100           2
                         0800-1FFF            100

                                  Symbol Table

??___wmul             cstackCOMMON 0074
??_delay              cstackCOMMON 0070
??_doMath             cstackCOMMON 0078
??_main               cstackCOMMON 0078
?___wmul              cstackCOMMON 0070
?_delay               cstackCOMMON 0070
?_doMath              cstackCOMMON 0076
?_main                cstackCOMMON 0070
_PORTB                (abs)        000D
_TRISB                (abs)        008D
__Habs1               abs1         0000
__Hbank0              bank0        0000
__Hbank1              bank1        0000
__Hbank10             bank10       0000
__Hbank11             bank11       0000
__Hbank12             bank12       0000
__Hbank13             bank13       0000
__Hbank14             bank14       0000
__Hbank15             bank15       0000
__Hbank16             bank16       0000
__Hbank17             bank17       0000
__Hbank18             bank18       0000
__Hbank19             bank19       0000
__Hbank2              bank2        0000
__Hbank20             bank20       0000
__Hbank21             bank21       0000
__Hbank22             bank22       0000
__Hbank23             bank23       0000
__Hbank24             bank24       0000
__Hbank25             bank25       0000
__Hbank26             bank26       0000
__Hbank27             bank27       0000
__Hbank28             bank28       0000
__Hbank29             bank29       0000
__Hbank3              bank3        0000
__Hbank30             bank30       0000
__Hbank31             bank31       0000
__Hbank4              bank4        0000
__Hbank5              bank5        0000
__Hbank6              bank6        0000
__Hbank7              bank7        0000
__Hbank8              bank8        0000
__Hbank9              bank9        0000
__Hbigram             bigram       0000
__Hcinit              cinit        0000
__Hclrtext            clrtext      0000
__Hcode               code         0000
__Hcommon             common       0000
__Hconfig             config       0000
__HcstackBANK0        cstackBANK0  0000
__HcstackCOMMON       cstackCOMMON 0000
__Heeprom_data        eeprom_data  0000
__Hend_init           end_init     0005
__Hfunctab            functab      0000
__Hidloc              idloc        0000
__Hinit               init         0002
__Hintentry           intentry     0002
__Hmaintext           maintext     0000
__Hpowerup            powerup      0000
__Hram                ram          0000
__Hreset_vec          reset_vec    0002
__Hsfr0               sfr0         0000
__Hsfr1               sfr1         0000
__Hsfr10              sfr10        0000
__Hsfr11              sfr11        0000
__Hsfr12              sfr12        0000
__Hsfr13              sfr13        0000
__Hsfr14              sfr14        0000
__Hsfr15              sfr15        0000
__Hsfr16              sfr16        0000
__Hsfr17              sfr17        0000
__Hsfr18              sfr18        0000
__Hsfr19              sfr19        0000
__Hsfr2               sfr2         0000
__Hsfr20              sfr20        0000
__Hsfr21              sfr21        0000
__Hsfr22              sfr22        0000
__Hsfr23              sfr23        0000
__Hsfr24              sfr24        0000
__Hsfr25              sfr25        0000
__Hsfr26              sfr26        0000
__Hsfr27              sfr27        0000
__Hsfr28              sfr28        0000
__Hsfr29              sfr29        0000
__Hsfr3               sfr3         0000
__Hsfr30              sfr30        0000
__Hsfr31              sfr31        0000
__Hsfr4               sfr4         0000
__Hsfr5               sfr5         0000
__Hsfr6               sfr6         0000
__Hsfr7               sfr7         0000
__Hsfr8               sfr8         0000
__Hsfr9               sfr9         0000
__Hstrings            strings      0000
__Htext               text         0000
__Labs1               abs1         0000
__Lbank0              bank0        0000
__Lbank1              bank1        0000
__Lbank10             bank10       0000
__Lbank11             bank11       0000
__Lbank12             bank12       0000
__Lbank13             bank13       0000
__Lbank14             bank14       0000
__Lbank15             bank15       0000
__Lbank16             bank16       0000
__Lbank17             bank17       0000
__Lbank18             bank18       0000
__Lbank19             bank19       0000
__Lbank2              bank2        0000
__Lbank20             bank20       0000
__Lbank21             bank21       0000
__Lbank22             bank22       0000
__Lbank23             bank23       0000
__Lbank24             bank24       0000
__Lbank25             bank25       0000
__Lbank26             bank26       0000
__Lbank27             bank27       0000
__Lbank28             bank28       0000
__Lbank29             bank29       0000
__Lbank3              bank3        0000
__Lbank30             bank30       0000
__Lbank31             bank31       0000
__Lbank4              bank4        0000
__Lbank5              bank5        0000
__Lbank6              bank6        0000
__Lbank7              bank7        0000
__Lbank8              bank8        0000
__Lbank9              bank9        0000
__Lbigram             bigram       0000
__Lcinit              cinit        0000
__Lclrtext            clrtext      0000
__Lcode               code         0000
__Lcommon             common       0000
__Lconfig             config       0000
__LcstackBANK0        cstackBANK0  0000
__LcstackCOMMON       cstackCOMMON 0000
__Leeprom_data        eeprom_data  0000
__Lend_init           end_init     0002
__Lfunctab            functab      0000
__Lidloc              idloc        0000
__Linit               init         0002
__Lintentry           intentry     0002
__Lmaintext           maintext     0000
__Lpowerup            powerup      0000
__Lram                ram          0000
__Lreset_vec          reset_vec    0000
__Lsfr0               sfr0         0000
__Lsfr1               sfr1         0000
__Lsfr10              sfr10        0000
__Lsfr11              sfr11        0000
__Lsfr12              sfr12        0000
__Lsfr13              sfr13        0000
__Lsfr14              sfr14        0000
__Lsfr15              sfr15        0000
__Lsfr16              sfr16        0000
__Lsfr17              sfr17        0000
__Lsfr18              sfr18        0000
__Lsfr19              sfr19        0000
__Lsfr2               sfr2         0000
__Lsfr20              sfr20        0000
__Lsfr21              sfr21        0000
__Lsfr22              sfr22        0000
__Lsfr23              sfr23        0000
__Lsfr24              sfr24        0000
__Lsfr25              sfr25        0000
__Lsfr26              sfr26        0000
__Lsfr27              sfr27        0000
__Lsfr28              sfr28        0000
__Lsfr29              sfr29        0000
__Lsfr3               sfr3         0000
__Lsfr30              sfr30        0000
__Lsfr31              sfr31        0000
__Lsfr4               sfr4         0000
__Lsfr5               sfr5         0000
__Lsfr6               sfr6         0000
__Lsfr7               sfr7         0000
__Lsfr8               sfr8         0000
__Lsfr9               sfr9         0000
__Lstrings            strings      0000
__Ltext               text         0000
__S0                  (abs)        0800
__S1                  (abs)        007A
__S2                  (abs)        0000
___wmul               text74       0783
___wmul@multiplicand  cstackCOMMON 0072
___wmul@multiplier    cstackCOMMON 0070
___wmul@product       cstackCOMMON 0074
__end_of___wmul       text74       07A7
__end_of_delay        text72       07D3
__end_of_doMath       text73       0800
__end_of_main         maintext     0783
__pcstackBANK0        cstackBANK0  0020
__pcstackCOMMON       cstackCOMMON 0070
__pmaintext           maintext     0766
__ptext71             text71       0000
__ptext72             text72       07A7
__ptext73             text73       07D3
__ptext74             text74       0783
__ptext75             text75       0000
__size_of___wmul      (abs)        0000
__size_of_delay       (abs)        0000
__size_of_doMath      (abs)        0000
__size_of_main        (abs)        0000
_delay                text72       07A7
_doMath               text73       07D3
_main                 maintext     0766
btemp                 (abs)        007E
delay@clock           cstackCOMMON 0070
delay@counter         cstackCOMMON 0072
doMath@a              cstackBANK0  0020
doMath@b              cstackBANK0  0022
doMath@c              cstackBANK0  0024
doMath@result         cstackBANK0  0026
end_of_initialization cinit        0763
intlevel0             functab      0000
intlevel1             functab      0000
intlevel2             functab      0000
intlevel3             functab      0000
intlevel4             functab      0000
intlevel5             functab      0000
main@result           cstackCOMMON 0078
reset_vec             reset_vec    0000
start                 init         0002
start_initialization  cinit        0763
wtemp0                (abs)        007E
